{'step': 100, 'loss': 3.860482692718506, 'token_acc': 0.3247045771629322, 'ppl': 31.310592181020688, 'n_exact': 0, 'seconds': 17.4}
{'step': 200, 'loss': 2.6074585914611816, 'token_acc': 0.3915550251298516, 'ppl': 15.651413860942535, 'n_exact': 0, 'seconds': 33.5}
{'step': 300, 'loss': 2.8866448402404785, 'token_acc': 0.47429022877410026, 'ppl': 9.39362523886753, 'n_exact': 0, 'seconds': 49.6}
{'step': 400, 'loss': 1.9365270137786865, 'token_acc': 0.5745911146223799, 'ppl': 5.682837878213168, 'n_exact': 0, 'seconds': 65.7}
{'step': 500, 'loss': 1.9593853950500488, 'token_acc': 0.6575448387150997, 'ppl': 3.938379493628505, 'n_exact': 1, 'seconds': 81.8}
{'step': 600, 'loss': 1.489133596420288, 'token_acc': 0.7052495335428889, 'ppl': 3.252551844351281, 'n_exact': 2, 'seconds': 98.0}
{'step': 700, 'loss': 1.0747454166412354, 'token_acc': 0.7365820040006051, 'ppl': 2.7912910954837047, 'n_exact': 3, 'seconds': 114.3}
{'step': 800, 'loss': 1.2445231676101685, 'token_acc': 0.7609554386377771, 'ppl': 2.5963529879344764, 'n_exact': 3, 'seconds': 130.6}
{'step': 900, 'loss': 1.0528268814086914, 'token_acc': 0.7700492511472323, 'ppl': 2.4893363897937584, 'n_exact': 2, 'seconds': 147.1}
{'step': 1000, 'loss': 1.0616146326065063, 'token_acc': 0.7887411541241532, 'ppl': 2.33406635110464, 'n_exact': 4, 'seconds': 163.6}
{'step': 1100, 'loss': 0.9600467681884766, 'token_acc': 0.7893126691432317, 'ppl': 2.3136073226294958, 'n_exact': 3, 'seconds': 180.0}
{'step': 1200, 'loss': 0.7859386205673218, 'token_acc': 0.8018691902976921, 'ppl': 2.1944554402563154, 'n_exact': 5, 'seconds': 196.6}
{'step': 1300, 'loss': 0.9888110160827637, 'token_acc': 0.8004572120152628, 'ppl': 2.2083531744795297, 'n_exact': 4, 'seconds': 213.1}
{'step': 1400, 'loss': 0.8411105275154114, 'token_acc': 0.8054495637995663, 'ppl': 2.1673268262192282, 'n_exact': 4, 'seconds': 229.2}
{'step': 1500, 'loss': 0.9679864048957825, 'token_acc': 0.8122236977021734, 'ppl': 2.107186379746042, 'n_exact': 4, 'seconds': 245.6}
{'step': 1600, 'loss': 0.7966669797897339, 'token_acc': 0.812896068312854, 'ppl': 2.1036746402098396, 'n_exact': 4, 'seconds': 262.2}
{'step': 1700, 'loss': 0.8873063325881958, 'token_acc': 0.8214351750684977, 'ppl': 2.0249797501867417, 'n_exact': 4, 'seconds': 278.5}
{'step': 1800, 'loss': 0.8208296895027161, 'token_acc': 0.8186616462994403, 'ppl': 2.035834177667266, 'n_exact': 4, 'seconds': 295.3}
{'step': 1900, 'loss': 0.7122619152069092, 'token_acc': 0.8197878670723303, 'ppl': 2.025619833491223, 'n_exact': 4, 'seconds': 312.2}
{'step': 2000, 'loss': 0.8329892754554749, 'token_acc': 0.8258223933031887, 'ppl': 1.9920956367842615, 'n_exact': 4, 'seconds': 328.9}
{'step': 2100, 'loss': 0.7676743268966675, 'token_acc': 0.8255198265283824, 'ppl': 1.991940975972584, 'n_exact': 3, 'seconds': 345.3}
{'step': 2200, 'loss': 0.8440123796463013, 'token_acc': 0.8313862601065708, 'ppl': 1.938743593721654, 'n_exact': 4, 'seconds': 361.8}
{'step': 2300, 'loss': 0.7936053276062012, 'token_acc': 0.8344119278546335, 'ppl': 1.9173519186497308, 'n_exact': 4, 'seconds': 377.9}
{'step': 2400, 'loss': 0.6403823494911194, 'token_acc': 0.8362273285034711, 'ppl': 1.8895105414582607, 'n_exact': 5, 'seconds': 394.0}
{'step': 2500, 'loss': 0.6750403642654419, 'token_acc': 0.8378073994385705, 'ppl': 1.8747661306332957, 'n_exact': 5, 'seconds': 410.5}
{'step': 2600, 'loss': 0.7017076015472412, 'token_acc': 0.8396396093526752, 'ppl': 1.85753628212448, 'n_exact': 5, 'seconds': 426.9}
{'step': 2700, 'loss': 0.6406217217445374, 'token_acc': 0.8410011598393035, 'ppl': 1.835208911554659, 'n_exact': 5, 'seconds': 442.8}
{'step': 2800, 'loss': 0.6682949066162109, 'token_acc': 0.8413877729404448, 'ppl': 1.8243028015616316, 'n_exact': 5, 'seconds': 459.1}
{'step': 2900, 'loss': 0.5962642431259155, 'token_acc': 0.8430855087324133, 'ppl': 1.8038957346912845, 'n_exact': 5, 'seconds': 475.2}
{'step': 3000, 'loss': 0.681847870349884, 'token_acc': 0.8434385033030206, 'ppl': 1.804124590474404, 'n_exact': 5, 'seconds': 491.5}
{'step': 3100, 'loss': 0.5535330176353455, 'token_acc': 0.8421441898774604, 'ppl': 1.8022487077781022, 'n_exact': 5, 'seconds': 507.9}
{'step': 3200, 'loss': 0.6396396160125732, 'token_acc': 0.8421609991427275, 'ppl': 1.7911511823628654, 'n_exact': 5, 'seconds': 524.3}
{'step': 3300, 'loss': 0.653380811214447, 'token_acc': 0.8420433342858583, 'ppl': 1.7936581601641368, 'n_exact': 5, 'seconds': 540.5}
[A0] acc 0.8420 ppl 1.794 exact 5/5 (541.7 s)
[A1_init] acc 0.1041 ppl 695.153 exact 0/5 (6.6 s)
{'step': 100, 'loss': 3.622002363204956, 'token_acc': 0.32339345447210505, 'ppl': 28.92524420982844, 'n_exact': 0, 'seconds': 46.8}
{'step': 200, 'loss': 2.8299472332000732, 'token_acc': 0.34892672841270106, 'ppl': 21.401695244238393, 'n_exact': 0, 'seconds': 92.4}
{'step': 300, 'loss': 3.152963638305664, 'token_acc': 0.3688961355499151, 'ppl': 17.59108803525173, 'n_exact': 0, 'seconds': 139.4}
{'step': 400, 'loss': 2.613077163696289, 'token_acc': 0.3888823519523962, 'ppl': 15.292277521319175, 'n_exact': 0, 'seconds': 185.9}
{'step': 500, 'loss': 2.725691556930542, 'token_acc': 0.4046326335075894, 'ppl': 13.36343385721942, 'n_exact': 0, 'seconds': 232.8}
{'step': 600, 'loss': 2.6222050189971924, 'token_acc': 0.4171555361315157, 'ppl': 12.387154409738617, 'n_exact': 0, 'seconds': 280.0}
{'step': 700, 'loss': 2.370384693145752, 'token_acc': 0.4348893109882167, 'ppl': 11.093349667112621, 'n_exact': 0, 'seconds': 327.2}
{'step': 800, 'loss': 2.531388521194458, 'token_acc': 0.4433107528869913, 'ppl': 10.434450674443744, 'n_exact': 0, 'seconds': 374.1}
{'step': 900, 'loss': 2.3835208415985107, 'token_acc': 0.4524045653964465, 'ppl': 9.747893205189394, 'n_exact': 0, 'seconds': 420.5}
{'step': 1000, 'loss': 2.3012354373931885, 'token_acc': 0.46262459867879174, 'ppl': 9.178282507843734, 'n_exact': 0, 'seconds': 467.3}
{'step': 1100, 'loss': 2.2676479816436768, 'token_acc': 0.4691297843371266, 'ppl': 8.71418909630952, 'n_exact': 0, 'seconds': 513.7}
{'step': 1200, 'loss': 2.1045291423797607, 'token_acc': 0.48121564606411055, 'ppl': 8.32146199320632, 'n_exact': 0, 'seconds': 560.4}
{'step': 1300, 'loss': 2.2027292251586914, 'token_acc': 0.4894185675144139, 'ppl': 7.953955650408713, 'n_exact': 0, 'seconds': 606.8}
{'step': 1400, 'loss': 1.9219481945037842, 'token_acc': 0.49466305827772267, 'ppl': 7.627722188934035, 'n_exact': 0, 'seconds': 652.9}
{'step': 1500, 'loss': 2.192361354827881, 'token_acc': 0.5003613992032409, 'ppl': 7.4521739255154005, 'n_exact': 0, 'seconds': 700.1}
{'step': 1600, 'loss': 1.997214674949646, 'token_acc': 0.5053705602528114, 'ppl': 7.313703731131068, 'n_exact': 0, 'seconds': 747.4}
{'step': 1700, 'loss': 2.050588846206665, 'token_acc': 0.5101612008539107, 'ppl': 7.153353529211939, 'n_exact': 0, 'seconds': 793.8}
{'step': 1800, 'loss': 1.9666094779968262, 'token_acc': 0.5150190785160781, 'ppl': 7.068151048294628, 'n_exact': 0, 'seconds': 841.2}
{'step': 1900, 'loss': 1.961549162864685, 'token_acc': 0.5155065472088215, 'ppl': 7.009090503118551, 'n_exact': 0, 'seconds': 888.0}
{'step': 2000, 'loss': 1.997567057609558, 'token_acc': 0.5142962801095964, 'ppl': 7.003779905920073, 'n_exact': 0, 'seconds': 934.6}
{'step': 100, 'loss': 3.5566697120666504, 'token_acc': 0.3172580726496445, 'ppl': 29.00500015982594, 'n_exact': 0, 'seconds': 46.2}
{'step': 200, 'loss': 3.0619335174560547, 'token_acc': 0.34978400094131884, 'ppl': 21.602387158299685, 'n_exact': 0, 'seconds': 93.1}
{'step': 300, 'loss': 3.107555627822876, 'token_acc': 0.3706106806071507, 'ppl': 17.646715460135756, 'n_exact': 0, 'seconds': 139.4}
{'step': 400, 'loss': 2.80362606048584, 'token_acc': 0.38834445546385166, 'ppl': 15.186734003909347, 'n_exact': 0, 'seconds': 184.8}
{'step': 500, 'loss': 2.856019973754883, 'token_acc': 0.4018759140037989, 'ppl': 13.315642394897374, 'n_exact': 0, 'seconds': 231.3}
{'step': 600, 'loss': 2.6612367630004883, 'token_acc': 0.41720596392731674, 'ppl': 12.1642476314169, 'n_exact': 0, 'seconds': 279.0}
{'step': 700, 'loss': 2.4278922080993652, 'token_acc': 0.42532483905128504, 'ppl': 11.31783213105744, 'n_exact': 0, 'seconds': 325.1}
{'step': 800, 'loss': 2.432788848876953, 'token_acc': 0.44112554840227935, 'ppl': 10.376748128059193, 'n_exact': 0, 'seconds': 371.5}
{'step': 900, 'loss': 2.2990996837615967, 'token_acc': 0.4534131213124674, 'ppl': 9.713482226063165, 'n_exact': 0, 'seconds': 418.2}
{'step': 1000, 'loss': 2.3604636192321777, 'token_acc': 0.46517960699937805, 'ppl': 9.065806519530554, 'n_exact': 0, 'seconds': 463.9}
{'step': 1100, 'loss': 2.27024507522583, 'token_acc': 0.4722058798809904, 'ppl': 8.699457523891265, 'n_exact': 0, 'seconds': 510.3}
{'step': 1200, 'loss': 2.1044845581054688, 'token_acc': 0.4821905834495974, 'ppl': 8.273276632530242, 'n_exact': 0, 'seconds': 556.3}
{'step': 1300, 'loss': 2.1396377086639404, 'token_acc': 0.4870148425812308, 'ppl': 8.043927455230737, 'n_exact': 0, 'seconds': 601.8}
{'step': 1400, 'loss': 2.064465045928955, 'token_acc': 0.49303255954682224, 'ppl': 7.703175348768837, 'n_exact': 0, 'seconds': 647.4}
{'step': 1500, 'loss': 2.118358612060547, 'token_acc': 0.49728530365937706, 'ppl': 7.513569977617328, 'n_exact': 0, 'seconds': 693.4}
{'step': 1600, 'loss': 1.9996103048324585, 'token_acc': 0.5039417727051151, 'ppl': 7.3110782039059306, 'n_exact': 0, 'seconds': 740.5}
{'step': 1700, 'loss': 2.0192742347717285, 'token_acc': 0.5059084567413559, 'ppl': 7.227097304285929, 'n_exact': 0, 'seconds': 787.4}
{'step': 1800, 'loss': 1.9693149328231812, 'token_acc': 0.5101443915886437, 'ppl': 7.080875958740864, 'n_exact': 0, 'seconds': 833.5}
{'step': 1900, 'loss': 1.9141968488693237, 'token_acc': 0.5112706123615337, 'ppl': 7.07000428134996, 'n_exact': 0, 'seconds': 880.5}
{'step': 2000, 'loss': 2.0205721855163574, 'token_acc': 0.512833874031366, 'ppl': 6.966970216913285, 'n_exact': 0, 'seconds': 926.7}
{'step': 100, 'loss': 3.532090902328491, 'token_acc': 0.3183842934225345, 'ppl': 29.182752316002013, 'n_exact': 0, 'seconds': 47.1}
{'step': 200, 'loss': 3.04746150970459, 'token_acc': 0.34667428686692103, 'ppl': 21.305202497664993, 'n_exact': 0, 'seconds': 93.3}
{'step': 300, 'loss': 2.9767749309539795, 'token_acc': 0.3706106806071507, 'ppl': 17.53433578129626, 'n_exact': 0, 'seconds': 140.1}
{'step': 400, 'loss': 2.7702291011810303, 'token_acc': 0.38552049889899315, 'ppl': 15.464890253230271, 'n_exact': 0, 'seconds': 186.8}
{'step': 500, 'loss': 2.872530460357666, 'token_acc': 0.4043973037938512, 'ppl': 13.401539421469877, 'n_exact': 0, 'seconds': 233.8}
{'step': 600, 'loss': 2.675783157348633, 'token_acc': 0.41764300482425915, 'ppl': 12.249085918539521, 'n_exact': 0, 'seconds': 279.2}
{'step': 700, 'loss': 2.460080623626709, 'token_acc': 0.43290581768670894, 'ppl': 11.087007913594952, 'n_exact': 0, 'seconds': 325.1}
{'step': 800, 'loss': 2.576756715774536, 'token_acc': 0.4406716982400699, 'ppl': 10.433731218208331, 'n_exact': 0, 'seconds': 372.0}
{'step': 900, 'loss': 2.3222546577453613, 'token_acc': 0.4515304836025617, 'ppl': 9.725816469498586, 'n_exact': 0, 'seconds': 418.1}
{'step': 1000, 'loss': 2.2727251052856445, 'token_acc': 0.4634818712074095, 'ppl': 9.087830450810985, 'n_exact': 0, 'seconds': 464.1}
{'step': 1100, 'loss': 2.1459603309631348, 'token_acc': 0.4733489099191474, 'ppl': 8.67650160302372, 'n_exact': 0, 'seconds': 510.2}
{'step': 1200, 'loss': 2.1428780555725098, 'token_acc': 0.47881192113092735, 'ppl': 8.236842316344532, 'n_exact': 0, 'seconds': 557.2}
{'step': 1300, 'loss': 2.2443008422851562, 'token_acc': 0.48973794355448724, 'ppl': 7.939110785641138, 'n_exact': 0, 'seconds': 604.5}
{'step': 1400, 'loss': 1.9814423322677612, 'token_acc': 0.4932678892605604, 'ppl': 7.72194925814975, 'n_exact': 0, 'seconds': 650.8}
{'step': 1500, 'loss': 2.067478895187378, 'token_acc': 0.50064715671278, 'ppl': 7.402345556069936, 'n_exact': 0, 'seconds': 697.1}
{'step': 1600, 'loss': 2.0874626636505127, 'token_acc': 0.5056899362928846, 'ppl': 7.290189443897925, 'n_exact': 0, 'seconds': 743.3}
{'step': 1700, 'loss': 1.9604437351226807, 'token_acc': 0.5088836966936175, 'ppl': 7.161347315782362, 'n_exact': 0, 'seconds': 790.1}
{'step': 1800, 'loss': 1.950078010559082, 'token_acc': 0.51269939990923, 'ppl': 7.044194064911134, 'n_exact': 0, 'seconds': 836.5}
{'step': 1900, 'loss': 1.9596710205078125, 'token_acc': 0.5112706123615337, 'ppl': 7.037937597465922, 'n_exact': 0, 'seconds': 882.6}
{'step': 2000, 'loss': 1.9366538524627686, 'token_acc': 0.5113882772184027, 'ppl': 6.986026778863462, 'n_exact': 0, 'seconds': 929.1}
[A1] acc 0.5114 ppl 6.986 exact 0/5 (2807.9 s)
[B] acc 0.1003 ppl 257.122 exact 0/5 (3.3 s)
{'step': 100, 'loss': 3.9987382888793945, 'token_acc': 0.26824225513102823, 'ppl': 42.869953978413704, 'n_exact': 0, 'seconds': 46.7}
{'step': 200, 'loss': 3.243687629699707, 'token_acc': 0.3092736716478123, 'ppl': 29.254784792496732, 'n_exact': 0, 'seconds': 92.1}
{'step': 300, 'loss': 3.306436061859131, 'token_acc': 0.33181489637087963, 'ppl': 23.737756779025037, 'n_exact': 0, 'seconds': 138.7}
{'step': 400, 'loss': 2.852269172668457, 'token_acc': 0.34578339580776923, 'ppl': 20.437255924616302, 'n_exact': 0, 'seconds': 184.1}
{'step': 500, 'loss': 2.8972666263580322, 'token_acc': 0.36259266107478444, 'ppl': 18.13880732020335, 'n_exact': 0, 'seconds': 230.7}
{'step': 600, 'loss': 2.798445463180542, 'token_acc': 0.37523322855557983, 'ppl': 16.744935460969113, 'n_exact': 0, 'seconds': 277.4}
{'step': 700, 'loss': 2.7502806186676025, 'token_acc': 0.3797213023818729, 'ppl': 15.670181997824503, 'n_exact': 0, 'seconds': 323.9}
{'step': 800, 'loss': 2.8106210231781006, 'token_acc': 0.38686524012035434, 'ppl': 14.947002152966292, 'n_exact': 0, 'seconds': 370.8}
{'step': 900, 'loss': 2.716275930404663, 'token_acc': 0.39259719957640654, 'ppl': 14.350946071407176, 'n_exact': 0, 'seconds': 417.6}
{'step': 1000, 'loss': 2.6927709579467773, 'token_acc': 0.3990183389084063, 'ppl': 13.884505050035399, 'n_exact': 0, 'seconds': 463.9}
{'step': 1100, 'loss': 2.732119083404541, 'token_acc': 0.4007665024961759, 'ppl': 13.634374469919743, 'n_exact': 0, 'seconds': 510.0}
{'step': 1200, 'loss': 2.54474139213562, 'token_acc': 0.4071035955018406, 'ppl': 13.285547682450837, 'n_exact': 0, 'seconds': 557.0}
{'step': 1300, 'loss': 2.602022647857666, 'token_acc': 0.40656569901329614, 'ppl': 13.324253961088797, 'n_exact': 0, 'seconds': 603.2}
{'step': 1400, 'loss': 2.491602659225464, 'token_acc': 0.4059941839942176, 'ppl': 13.23758114426836, 'n_exact': 0, 'seconds': 648.7}
{'step': 1500, 'loss': 2.6381614208221436, 'token_acc': 0.4055571430972752, 'ppl': 13.188848905069916, 'n_exact': 0, 'seconds': 694.7}
{'step': 100, 'loss': 3.8264005184173584, 'token_acc': 0.2726967104267872, 'ppl': 42.43505176767023, 'n_exact': 0, 'seconds': 45.6}
{'step': 200, 'loss': 3.308340311050415, 'token_acc': 0.3063824780218857, 'ppl': 29.58590053434157, 'n_exact': 0, 'seconds': 92.1}
{'step': 300, 'loss': 3.3389933109283447, 'token_acc': 0.32991544939570694, 'ppl': 23.98517572294671, 'n_exact': 0, 'seconds': 138.4}
{'step': 400, 'loss': 3.010305643081665, 'token_acc': 0.34956548049284764, 'ppl': 20.43530887027351, 'n_exact': 0, 'seconds': 184.0}
{'step': 500, 'loss': 3.0646939277648926, 'token_acc': 0.3609453530786169, 'ppl': 18.269511317004177, 'n_exact': 0, 'seconds': 230.1}
{'step': 600, 'loss': 2.8582780361175537, 'token_acc': 0.3703249230976114, 'ppl': 16.71699362220259, 'n_exact': 0, 'seconds': 277.2}
{'step': 700, 'loss': 2.7086434364318848, 'token_acc': 0.37674606242961123, 'ppl': 15.981838582579014, 'n_exact': 0, 'seconds': 323.9}
{'step': 800, 'loss': 2.6726162433624268, 'token_acc': 0.38829402766805066, 'ppl': 14.92770470572794, 'n_exact': 0, 'seconds': 370.8}
{'step': 900, 'loss': 2.674044132232666, 'token_acc': 0.39200887529206097, 'ppl': 14.49288288148179, 'n_exact': 0, 'seconds': 418.6}
{'step': 1000, 'loss': 2.6301136016845703, 'token_acc': 0.40083373955724394, 'ppl': 13.883002921850567, 'n_exact': 0, 'seconds': 465.2}
{'step': 1100, 'loss': 2.673300266265869, 'token_acc': 0.400917785883579, 'ppl': 13.679066671175265, 'n_exact': 0, 'seconds': 511.6}
{'step': 1200, 'loss': 2.5306499004364014, 'token_acc': 0.4035232219999664, 'ppl': 13.390098873995433, 'n_exact': 0, 'seconds': 558.2}
{'step': 1300, 'loss': 2.500575304031372, 'token_acc': 0.4051369114655998, 'ppl': 13.332838486045004, 'n_exact': 0, 'seconds': 604.7}
{'step': 1400, 'loss': 2.6221630573272705, 'token_acc': 0.40469987056865747, 'ppl': 13.203567453393148, 'n_exact': 0, 'seconds': 651.0}
{'step': 1500, 'loss': 2.66560697555542, 'token_acc': 0.4066161268090972, 'ppl': 13.135857348227411, 'n_exact': 0, 'seconds': 697.1}
{'step': 100, 'loss': 3.847681999206543, 'token_acc': 0.2661074784421173, 'ppl': 43.87270622797057, 'n_exact': 0, 'seconds': 45.9}
{'step': 200, 'loss': 3.356614351272583, 'token_acc': 0.30925686238254524, 'ppl': 29.400450147303115, 'n_exact': 0, 'seconds': 91.3}
{'step': 300, 'loss': 3.173776388168335, 'token_acc': 0.3354120791380209, 'ppl': 23.227962302802077, 'n_exact': 0, 'seconds': 137.0}
{'step': 400, 'loss': 2.9930546283721924, 'token_acc': 0.34859054310736076, 'ppl': 20.176154150093197, 'n_exact': 0, 'seconds': 183.4}
{'step': 500, 'loss': 2.974332809448242, 'token_acc': 0.36126472911869023, 'ppl': 18.130031806708395, 'n_exact': 0, 'seconds': 231.1}
{'step': 600, 'loss': 2.9434380531311035, 'token_acc': 0.3733505908456741, 'ppl': 16.66257845730146, 'n_exact': 0, 'seconds': 277.2}
{'step': 700, 'loss': 2.753912925720215, 'token_acc': 0.38407490208602985, 'ppl': 15.555934262787062, 'n_exact': 0, 'seconds': 323.3}
{'step': 800, 'loss': 2.782139778137207, 'token_acc': 0.38852935738178884, 'ppl': 14.885507332284556, 'n_exact': 0, 'seconds': 370.0}
{'step': 900, 'loss': 2.6095542907714844, 'token_acc': 0.3943453631641761, 'ppl': 14.279631886249552, 'n_exact': 0, 'seconds': 415.8}
{'step': 1000, 'loss': 2.6206369400024414, 'token_acc': 0.4014724916373905, 'ppl': 13.807656941070428, 'n_exact': 0, 'seconds': 462.4}
{'step': 1100, 'loss': 2.6248226165771484, 'token_acc': 0.4006992654351078, 'ppl': 13.51751898937332, 'n_exact': 0, 'seconds': 509.0}
{'step': 1200, 'loss': 2.6489195823669434, 'token_acc': 0.4060950395858197, 'ppl': 13.255117684030404, 'n_exact': 0, 'seconds': 554.9}
{'step': 1300, 'loss': 2.7066335678100586, 'token_acc': 0.40791044023465733, 'ppl': 13.231541940454782, 'n_exact': 0, 'seconds': 602.4}
{'step': 1400, 'loss': 2.578295946121216, 'token_acc': 0.40727168815451076, 'ppl': 13.120670541719655, 'n_exact': 0, 'seconds': 649.2}
{'step': 1500, 'loss': 2.6081879138946533, 'token_acc': 0.40715402329764167, 'ppl': 13.185002172695432, 'n_exact': 0, 'seconds': 695.2}
[C] acc 0.4072 ppl 13.185 exact 0/5 (2095.3 s)
[circuit_ideal] acc 0.4072 ppl 13.185 exact 0/5 (25.4 s)
[circuit_nominal] acc 0.3864 ppl 14.876 exact 0/5 (37.0 s)
[sweep sigma_g=0.0] acc 0.3881 exact 0
[sweep sigma_g=0.02] acc 0.3864 exact 0
[sweep sigma_g=0.05] acc 0.3847 exact 0
[sweep sigma_g=0.1] acc 0.3770 exact 0
